
---
apiVersion: v1
kind: Namespace
metadata:
  name: kuma-system
  labels:
    kuma.io/system-namespace: "true"
---
apiVersion: v1
kind: Secret
type: kubernetes.io/tls
metadata:
  name: kuma-kds-tls-cert
  namespace: kuma-system
data:
  tls.crt: Q0VSVA==
  tls.key: S0VZ
---
apiVersion: v1
kind: Secret
type: kubernetes.io/tls
metadata:
  name: kuma-admission-server-tls-cert
  namespace: kuma-system
data:
  tls.crt: Q0VSVA==
  tls.key: S0VZ
---
apiVersion: v1
kind: ConfigMap
metadata:
  name: kuma-control-plane-config
  namespace: kuma-system
data:
  config.yaml: |
    # use this file to override default configuration of `kuma-cp`
    #
    # see conf/kuma-cp.conf.yml for available settings
---
apiVersion: v1
kind: ServiceAccount
metadata:
  name: kuma-control-plane
  namespace: kuma-system
---
apiVersion: apiextensions.k8s.io/v1
kind: CustomResourceDefinition
metadata:
  creationTimestamp: null
  name: circuitbreakers.kuma.io
spec:
  group: kuma.io
  names:
    kind: CircuitBreaker
    plural: circuitbreakers
  scope: Namespaced
  versions:
    - name: v1alpha1
      served: true
      storage: true
      schema:
        openAPIV3Schema:
          description: CircuitBreaker is the Schema for the circuitbreaker API
          properties:
            mesh:
              type: string
            spec:
              type: object
          type: object
---
apiVersion: apiextensions.k8s.io/v1
kind: CustomResourceDefinition
metadata:
  creationTimestamp: null
  name: dataplaneinsights.kuma.io
spec:
  group: kuma.io
  names:
    kind: DataplaneInsight
    plural: dataplaneinsights
  scope: Namespaced
  versions:
    - name: v1alpha1
      served: true
      storage: true
      schema:
        openAPIV3Schema:
          description: DataplaneInsight is the Schema for the dataplane insights API
          properties:
            status:
              type: object
          type: object
status:
  acceptedNames:
    kind: ""
    plural: ""
  conditions: []
  storedVersions: []
---
apiVersion: apiextensions.k8s.io/v1
kind: CustomResourceDefinition
metadata:
  creationTimestamp: null
  name: traffictraces.kuma.io
spec:
  group: kuma.io
  names:
    kind: TrafficTrace
    plural: traffictraces
  scope: Namespaced
  versions:
    - name: v1alpha1
      served: true
      storage: true
      schema:
        openAPIV3Schema:
          description: TrafficTrace is the Schema for the traffictraces API
          properties:
            mesh:
              type: string
            spec:
              type: object
          type: object
---
apiVersion: apiextensions.k8s.io/v1
kind: CustomResourceDefinition
metadata:
  creationTimestamp: null
  name: dataplanes.kuma.io
spec:
  group: kuma.io
  names:
    kind: Dataplane
    plural: dataplanes
  scope: Namespaced
  versions:
    - name: v1alpha1
      served: true
      storage: true
      schema:
        openAPIV3Schema:
          description: Dataplane is the Schema for the dataplanes API
          properties:
            spec:
              type: object
          type: object
status:
  acceptedNames:
    kind: ""
    plural: ""
  conditions: []
  storedVersions: []
---
apiVersion: apiextensions.k8s.io/v1
kind: CustomResourceDefinition
metadata:
  creationTimestamp: null
  name: faultinjections.kuma.io
spec:
  group: kuma.io
  names:
    kind: FaultInjection
    plural: faultinjections
  scope: Namespaced
  versions:
    - name: v1alpha1
      served: true
      storage: true
      schema:
        openAPIV3Schema:
          description: FaultInjection is the Schema for the faultinjections API
          properties:
            mesh:
              type: string
            spec:
              type: object
          type: object
---
apiVersion: apiextensions.k8s.io/v1
kind: CustomResourceDefinition
metadata:
  creationTimestamp: null
  name: healthchecks.kuma.io
spec:
  group: kuma.io
  names:
    kind: HealthCheck
    plural: healthchecks
  scope: Namespaced
  versions:
    - name: v1alpha1
      served: true
      storage: true
      schema:
        openAPIV3Schema:
          description: HealthCheck is the Schema for the healthchecks API
          properties:
            mesh:
              type: string
            spec:
              type: object
          type: object
---
apiVersion: apiextensions.k8s.io/v1
kind: CustomResourceDefinition
metadata:
  creationTimestamp: null
  name: meshes.kuma.io
spec:
  group: kuma.io
  names:
    kind: Mesh
    plural: meshes
  scope: Cluster
  versions:
    - name: v1alpha1
      served: true
      storage: true
      schema:
        openAPIV3Schema:
          description: Mesh is the Schema for the meshes API
          properties:
            spec:
              type: object
            status:
              type: object
          type: object
status:
  acceptedNames:
    kind: ""
    plural: ""
  conditions: []
  storedVersions: []
---
apiVersion: apiextensions.k8s.io/v1
kind: CustomResourceDefinition
metadata:
  creationTimestamp: null
  name: proxytemplates.kuma.io
spec:
  group: kuma.io
  names:
    kind: ProxyTemplate
    plural: proxytemplates
  scope: Namespaced
  versions:
    - name: v1alpha1
      served: true
      storage: true
      schema:
        openAPIV3Schema:
          description: ProxyTemplate is the Schema for the proxytemplates API
          properties:
            mesh:
              type: string
            spec:
              type: object
            status:
              type: object
          type: object
status:
  acceptedNames:
    kind: ""
    plural: ""
  conditions: []
  storedVersions: []
---
apiVersion: apiextensions.k8s.io/v1
kind: CustomResourceDefinition
metadata:
  creationTimestamp: null
  name: trafficlogs.kuma.io
spec:
  group: kuma.io
  names:
    kind: TrafficLog
    plural: trafficlogs
  scope: Namespaced
  versions:
    - name: v1alpha1
      served: true
      storage: true
      schema:
        openAPIV3Schema:
          description: TrafficLog is the Schema for the trafficlogs API
          properties:
            mesh:
              type: string
            spec:
              type: object
          type: object
---
apiVersion: apiextensions.k8s.io/v1
kind: CustomResourceDefinition
metadata:
  creationTimestamp: null
  name: trafficpermissions.kuma.io
spec:
  group: kuma.io
  names:
    kind: TrafficPermission
    plural: trafficpermissions
  scope: Namespaced
  versions:
    - name: v1alpha1
      served: true
      storage: true
      schema:
        openAPIV3Schema:
          description: TrafficPermission is the Schema for the trafficpermissions API
          properties:
            mesh:
              type: string
            spec:
              type: object
          type: object
---
apiVersion: apiextensions.k8s.io/v1
kind: CustomResourceDefinition
metadata:
  creationTimestamp: null
  name: trafficroutes.kuma.io
spec:
  group: kuma.io
  names:
    kind: TrafficRoute
    plural: trafficroutes
  scope: Namespaced
  versions:
    - name: v1alpha1
      served: true
      storage: true
      schema:
        openAPIV3Schema:
          description: TrafficRoute is the Schema for the trafficroutes API
          properties:
            mesh:
              type: string
            spec:
              type: object
          type: object
---
apiVersion: rbac.authorization.k8s.io/v1
kind: ClusterRole
metadata:
  name: kuma:control-plane
rules:
  - apiGroups:
      - ""
    resources:
      - namespaces
      - pods
      - services
    verbs:
      - get
      - list
      - watch
  - apiGroups:
      - ""
    resources:
      - events
    verbs:
      - create
      - patch
  - apiGroups:
      - kuma.io
    resources:
      - dataplanes
      - dataplaneinsights
      - meshes
    verbs:
      - get
      - list
      - watch
      - create
      - update
      - patch
      - delete
  - apiGroups:
      - kuma.io
    resources:
      - proxytemplates
    verbs:
      - get
      - list
      - watch
      - create
      - update
      - patch
      - delete
  - apiGroups:
      - kuma.io
    resources:
      - proxytemplates/status
    verbs:
      - get
      - update
      - patch
  - apiGroups:
      - kuma.io
    resources:
      - trafficpermissions
      - trafficlogs
      - trafficroutes
      - traffictraces
      - faultinjections
      - circuitbreakers
      - healthchecks
    verbs:
      - get
      - list
      - watch
  - apiGroups:
      - ""
    resources:
      - pods/finalizers
    verbs:
      - "*"
  - apiGroups:
      - kuma.io
    resources:
      - meshes/finalizers
    verbs:
      - "*"
  - apiGroups:
      - kuma.io
    resources:
      - dataplanes/finalizers
    verbs:
      - "*"
  # validate k8s token before issueing mTLS cert
  - apiGroups:
      - authentication.k8s.io
    resources:
      - tokenreviews
    verbs:
      - create
---
apiVersion: rbac.authorization.k8s.io/v1
kind: ClusterRoleBinding
metadata:
  name: kuma:control-plane
roleRef:
  apiGroup: rbac.authorization.k8s.io
  kind: ClusterRole
  name: kuma:control-plane
subjects:
  - kind: ServiceAccount
    name: kuma-control-plane
    namespace: kuma-system
---
apiVersion: rbac.authorization.k8s.io/v1
kind: Role
metadata:
  name: kuma:control-plane
  namespace: kuma-system
rules:
  - apiGroups:
      - ""
    resources:
      - secrets
    verbs:
      - get
      - list
      - watch
      - create
      - update
      - patch
      - delete
  - apiGroups:
      - ""
    resources:
      - configmaps
    verbs:
      - get
      - list
      - watch
      - create
      - update
      - patch
      - delete
---
apiVersion: rbac.authorization.k8s.io/v1
kind: RoleBinding
metadata:
  name: kuma:control-plane
  namespace: kuma-system
roleRef:
  apiGroup: rbac.authorization.k8s.io
  kind: Role
  name: kuma:control-plane
subjects:
  - kind: ServiceAccount
    name: kuma-control-plane
    namespace: kuma-system
---
apiVersion: v1
kind: Service
metadata:
  name: kuma-control-plane
  namespace: kuma-system
spec:
  type: ClusterIP
  ports:
    - port: 5681
      name: http-api-server
    - port: 5683
      name: gui-server
    - port: 443
      name: https-admission-server
      targetPort: 5443
  selector:
    app: kuma-control-plane
---
apiVersion: v1
kind: Service
metadata:
  name: global-remote-sync
  namespace: kuma-system
spec:
  type: LoadBalancer
  ports:
    - port: 5685
      nodePort: 30685
      name: global-remote-sync
  selector:
    app: kuma-control-plane
---
apiVersion: apps/v1
kind: Deployment
metadata:
  name: kuma-control-plane
  namespace: kuma-system
  labels:
    app: kuma-control-plane
spec:
  strategy:
    rollingUpdate:
      maxSurge: 1
      maxUnavailable: 0
  selector:
    matchLabels:
      app: kuma-control-plane
  template:
    metadata:
      labels:
        app: kuma-control-plane
    spec:
      serviceAccountName: kuma-control-plane
      containers:
        - name: control-plane
          image: kong-docker-kuma-docker.bintray.io/kuma-cp:0.0.1
          imagePullPolicy: IfNotPresent
          env:
            - name: KUMA_ENVIRONMENT
              value: "kubernetes"
            - name: KUMA_STORE_TYPE
              value: "kubernetes"
            - name: KUMA_STORE_KUBERNETES_SYSTEM_NAMESPACE
              value: kuma-system
            - name: KUMA_GENERAL_ADVERTISED_HOSTNAME
              value: kuma-control-plane.kuma-system
            - name: KUMA_KDS_SERVER_TLS_CERT_FILE
              value: /var/run/secrets/kuma.io/kuma-kds/tls-cert/tls.crt
            - name: KUMA_KDS_SERVER_TLS_KEY_FILE
              value: /var/run/secrets/kuma.io/kuma-kds/tls-cert/tls.key
            - name: KUMA_API_SERVER_PORT
              value: "5681"
            - name: KUMA_API_SERVER_READ_ONLY
              value: "true"
            - name: KUMA_RUNTIME_KUBERNETES_ADMISSION_SERVER_PORT
              value: "5443"
            - name: KUMA_RUNTIME_KUBERNETES_ADMISSION_SERVER_CERT_DIR
              value: /var/run/secrets/kuma.io/kuma-admission-server/tls-cert
            - name: KUMA_RUNTIME_KUBERNETES_INJECTOR_CNI_ENABLED
              value: "false"
            - name: KUMA_RUNTIME_KUBERNETES_INJECTOR_SIDECAR_CONTAINER_IMAGE
              value: kong-docker-kuma-docker.bintray.io/kuma-dp:0.0.1
            - name: KUMA_INJECTOR_INIT_CONTAINER_IMAGE
              value: kong-docker-kuma-docker.bintray.io/kuma-init:0.0.1
            - name: KUMA_MODE_MODE
              value: global
          args:
            - run
            - --log-level=info
            - --config-file=/etc/kuma.io/kuma-control-plane/config.yaml
          ports:
            - containerPort: 5681
            - containerPort: 5683
          livenessProbe:
            httpGet:
              path: /healthy
              port: 5680
          readinessProbe:
            httpGet:
              path: /ready
              port: 5680
          resources:
            requests:
              cpu: 500m
              memory: 256Mi
          volumeMounts:
            - name: kuma-kds-tls-cert
              mountPath: /var/run/secrets/kuma.io/kuma-kds/tls-cert
              readOnly: true
            - name: kuma-admission-server-tls-cert
              mountPath: /var/run/secrets/kuma.io/kuma-admission-server/tls-cert
              readOnly: true
            - name: kuma-control-plane-config
              mountPath: /etc/kuma.io/kuma-control-plane
              readOnly: true
      volumes:
        - name: kuma-kds-tls-cert
          secret:
            secretName: kuma-kds-tls-cert
        - name: kuma-admission-server-tls-cert
          secret:
            secretName: kuma-admission-server-tls-cert
        - name: kuma-control-plane-config
          configMap:
            name: kuma-control-plane-config
---
apiVersion: admissionregistration.k8s.io/v1beta1
kind: MutatingWebhookConfiguration
metadata:
  name: kuma-admission-mutating-webhook-configuration
webhooks:
  - name: mesh.defaulter.kuma-admission.kuma.io
    failurePolicy: Fail
    clientConfig:
      caBundle: Q0VSVA==
      service:
        namespace: kuma-system
        name: kuma-control-plane
        path: /default-kuma-io-v1alpha1-mesh
    rules:
      - apiGroups:
          - kuma.io
        apiVersions:
          - v1alpha1
        operations:
          - CREATE
          - UPDATE
        resources:
          - meshes
  - name: owner-reference.kuma-admission.kuma.io
    failurePolicy: Fail
    clientConfig:
      caBundle: Q0VSVA==
      service:
        namespace: kuma-system
        name: kuma-control-plane
        path: /owner-reference-kuma-io-v1alpha1
    rules:
      - apiGroups:
          - kuma.io
        apiVersions:
          - v1alpha1
        operations:
          - CREATE
        resources:
          - circuitbreakers
          - faultinjections
          - trafficlogs
          - trafficpermissions
          - trafficroutes
          - traffictraces
          - healthchecks
          - proxytemplates
  - name: kuma-injector.kuma.io
    namespaceSelector:
      matchLabels:
        kuma.io/sidecar-injection: enabled
    failurePolicy: Ignore
    clientConfig:
      caBundle: Q0VSVA==
      service:
        namespace: kuma-system
        name: kuma-control-plane
        path: /inject-sidecar
    rules:
      - apiGroups:
          - ""
        apiVersions:
          - v1
        operations:
          - CREATE
        resources:
          - pods
---
apiVersion: admissionregistration.k8s.io/v1beta1
kind: ValidatingWebhookConfiguration
metadata:
  name: kuma-validating-webhook-configuration
webhooks:
  - name: validator.kuma-admission.kuma.io
    failurePolicy: Fail
    clientConfig:
      caBundle: Q0VSVA==
      service:
        namespace: kuma-system
        name: kuma-control-plane
        path: /validate-kuma-io-v1alpha1
    rules:
      - apiGroups:
          - kuma.io
        apiVersions:
          - v1alpha1
        operations:
          - CREATE
          - UPDATE
          - DELETE
        resources:
          - circuitbreakers
          - faultinjections
          - trafficlogs
          - trafficpermissions
          - trafficroutes
          - traffictraces
          - dataplanes
          - healthchecks
          - meshes
          - proxytemplates
  - name: service.validator.kuma-admission.kuma.io
    failurePolicy: Fail
    clientConfig:
      caBundle: Q0VSVA==
      service:
        namespace: kuma-system
        name: kuma-control-plane
        path: /validate-v1-service
    rules:
      - apiGroups:
          - ""
        apiVersions:
          - v1
        operations:
          - CREATE
          - UPDATE
        resources:
          - services
  - name: secret.validator.kuma-admission.kuma.io
    namespaceSelector:
      matchLabels:
        kuma.io/system-namespace: "true"
    failurePolicy: Fail
    clientConfig:
      caBundle: Q0VSVA==
      service:
        namespace: kuma-system
        name: kuma-control-plane
        path: /validate-v1-secret
    rules:
      - apiGroups:
          - ""
        apiVersions:
          - v1
        operations:
          - CREATE
          - UPDATE
          - DELETE
        resources:
          - secrets